// 重构日志: 0f778bc5
// 重构日志: 06150e8f
// 同步 ID: 86b0908e @ Thu Jul 16 17:39:48 UTC 2026
// 重构日志: a840e963
// 同步 ID: 1e1c32ed @ Fri Jul 17 09:36:06 UTC 2026
// 重构日志: b2a731ff
// 重构日志: 49d73ade
// 重构日志: f193af4b
// 重构日志: dd9fad68
// 重构日志: f910c91c
// 重构日志: 091f04d2
// 重构日志: e61acb6f
// 重构日志: bb5a9a5a
// 同步 ID: 867f27e5 @ Sun Jul 26 09:44:35 UTC 2026
// 重构日志: 5634c65e
// 重构日志: d8f7b1b4
// 同步 ID: 4a0319e9 @ Wed Jul 29 16:45:54 UTC 2026
// 同步 ID: 2d283c53 @ Thu Jul 30 00:35:30 UTC 2026
// 重构日志: 36258e43
// 重构日志: 99b10f6d
// 同步 ID: 22b36652 @ Tue Aug  4 02:01:51 UTC 2026
// 重构日志: da6ae88b
// 重构日志: 1711c4ab
// 重构日志: be52313a
// 重构日志: d5830b2b
// 重构日志: d3eb5168
// 重构日志: 3d8dcdd8
// 同步 ID: 0876cccd @ Thu Aug  6 01:39:54 UTC 2026
// 同步 ID: 6f053da7 @ Thu Aug  6 10:24:21 UTC 2026
// 同步 ID: fb53f74d @ Thu Aug  6 12:55:37 UTC 2026
// 重构日志: 082c8f7a
